apiVersion: rbac.authorization.k8s.io/v1
kind: ClusterRole
metadata:
  annotations: {}
  labels:
    authorization.openshift.io/aggregate-to-basic-user: 'true'
    name: system-openshift4-aggregate-appcat-to-basic-user
  name: system:openshift4:aggregate-appcat-to-basic-user
rules:
  - apiGroups:
      - api.appcat.vshn.io
    resources:
      - appcats
    verbs:
      - get
      - list
      - watch
