apiVersion: v1
kind: Namespace
metadata:
  annotations:
    openshift.io/node-selector: node-role.kubernetes.io/infra=
  labels:
    foo: bar
    name: syn-appcat
    openshift.io/cluster-monitoring: 'true'
  name: syn-appcat
