apiVersion: admissionregistration.k8s.io/v1
kind: ValidatingWebhookConfiguration
metadata:
  annotations:
    cert-manager.io/inject-ca-from: syn-appcat/webhook-certificate
  creationTimestamp: null
  name: appcat-redis-validation
webhooks:
  - admissionReviewVersions:
      - v1
    clientConfig:
      service:
        name: webhook-service
        namespace: syn-appcat
        path: /validate-vshn-appcat-vshn-io-v1-vshnredis
    failurePolicy: Fail
    name: vshnredis.vshn.appcat.vshn.io
    rules:
      - apiGroups:
          - vshn.appcat.vshn.io
        apiVersions:
          - v1
        operations:
          - CREATE
          - UPDATE
          - DELETE
        resources:
          - vshnredis
    sideEffects: None
