apiVersion: v1
data:
  plans: '{"plus-2": {"note": "Will be scheduled on APPUiO Cloud plus nodes", "scheduling":
    {"nodeSelector": {"appuio.io/node-class": "plus"}}, "size": {"cpu": "400m", "disk":
    "20Gi", "enabled": true, "memory": "1728Mi"}}, "plus-4": {"note": "Will be scheduled
    on APPUiO Cloud plus nodes", "scheduling": {"nodeSelector": {"appuio.io/node-class":
    "plus"}}, "size": {"cpu": "900m", "disk": "40Gi", "enabled": true, "memory": "3776Mi"}},
    "standard-2": {"size": {"cpu": "400m", "disk": "20Gi", "enabled": true, "memory":
    "1728Mi"}}, "standard-4": {"size": {"cpu": "900m", "disk": "40Gi", "enabled":
    true, "memory": "3776Mi"}}}'
  sideCars: '{"clusterController": {"limits": {"cpu": "600m", "memory": "768Mi"},
    "requests": {"cpu": "32m", "memory": "188Mi"}}, "createBackup": {"limits": {"cpu":
    "600m", "memory": "768Mi"}, "requests": {"cpu": "250m", "memory": "256Mi"}}, "envoy":
    {"limits": {"cpu": "600m", "memory": "768Mi"}, "requests": {"cpu": "32m", "memory":
    "64Mi"}}, "pgbouncer": {"limits": {"cpu": "600m", "memory": "768Mi"}, "requests":
    {"cpu": "16m", "memory": "32Mi"}}, "postgresUtil": {"limits": {"cpu": "600m",
    "memory": "768Mi"}, "requests": {"cpu": "10m", "memory": "4Mi"}}, "prometheusPostgresExporter":
    {"limits": {"cpu": "600m", "memory": "768Mi"}, "requests": {"cpu": "10m", "memory":
    "32Mi"}}, "runDbops": {"limits": {"cpu": "600m", "memory": "768Mi"}, "requests":
    {"cpu": "250m", "memory": "256Mi"}}, "setDbopsResult": {"limits": {"cpu": "600m",
    "memory": "768Mi"}, "requests": {"cpu": "250m", "memory": "256Mi"}}}'
kind: ConfigMap
metadata:
  annotations: {}
  labels:
    name: vshnpostgresqlplans
  name: vshnpostgresqlplans
  namespace: syn-appcat
