apiVersion: apiextensions.crossplane.io/v1
kind: CompositeResourceDefinition
metadata:
  annotations:
    argocd.argoproj.io/sync-options: SkipDryRunOnMissingResource=true
    argocd.argoproj.io/sync-wave: '10'
  labels:
    name: xvshnredis.vshn.appcat.vshn.io
  name: xvshnredis.vshn.appcat.vshn.io
spec:
  claimNames:
    kind: VSHNRedis
    plural: vshnredis
  connectionSecretKeys:
    - ca.crt
    - tls.crt
    - tls.key
    - REDIS_HOST
    - REDIS_PORT
    - REDIS_USERNAME
    - REDIS_PASSWORD
    - REDIS_URL
  defaultCompositionRef:
    name: vshnredis.vshn.appcat.vshn.io
  group: vshn.appcat.vshn.io
  names:
    kind: XVSHNRedis
    plural: xvshnredis
  versions:
    - name: v1
      referenceable: true
      schema:
        openAPIV3Schema:
          description: VSHNRedis is the API for creating Redis clusters.
          properties:
            spec:
              description: Spec defines the desired state of a VSHNRedis.
              properties:
                parameters:
                  default: {}
                  description: Parameters are the configurable fields of a VSHNRedis.
                  properties:
                    backup:
                      default: {}
                      description: Backup contains settings to control how the instance
                        should get backed up.
                      properties:
                        retention:
                          description: K8upRetentionPolicy describes the retention
                            configuration for a K8up backup.
                          properties:
                            keepDaily:
                              default: 6
                              type: integer
                            keepHourly:
                              type: integer
                            keepLast:
                              type: integer
                            keepMonthly:
                              type: integer
                            keepWeekly:
                              type: integer
                            keepYearly:
                              type: integer
                          type: object
                        schedule:
                          pattern: ^(\*|([0-9]|1[0-9]|2[0-9]|3[0-9]|4[0-9]|5[0-9])|\*\/([0-9]|1[0-9]|2[0-9]|3[0-9]|4[0-9]|5[0-9]))
                            (\*|([0-9]|1[0-9]|2[0-3])|\*\/([0-9]|1[0-9]|2[0-3])) (\*|([1-9]|1[0-9]|2[0-9]|3[0-1])|\*\/([1-9]|1[0-9]|2[0-9]|3[0-1]))
                            (\*|([1-9]|1[0-2])|\*\/([1-9]|1[0-2])) (\*|([0-6])|\*\/([0-6]))$
                          type: string
                      type: object
                    maintenance:
                      description: Maintenance contains settings to control the maintenance
                        of an instance.
                      properties:
                        dayOfWeek:
                          description: DayOfWeek specifies at which weekday the maintenance
                            is held place. Allowed values are [monday, tuesday, wednesday,
                            thursday, friday, saturday, sunday]
                          enum:
                            - monday
                            - tuesday
                            - wednesday
                            - thursday
                            - friday
                            - saturday
                            - sunday
                          type: string
                        timeOfDay:
                          description: 'TimeOfDay for installing updates in UTC. Format:
                            "hh:mm:ss".'
                          pattern: ^([0-1]?[0-9]|2[0-3]):([0-5][0-9]):([0-5][0-9])$
                          type: string
                      type: object
                    restore:
                      description: Restore contains settings to control the restore
                        of an instance.
                      properties:
                        backupName:
                          description: BackupName is the name of the specific backup
                            you want to restore.
                          type: string
                        claimName:
                          description: ClaimName specifies the name of the instance
                            you want to restore from. The claim has to be in the same
                            namespace as this new instance.
                          type: string
                      type: object
                    scheduling:
                      description: Scheduling contains settings to control the scheduling
                        of an instance.
                      properties:
                        nodeSelector:
                          additionalProperties:
                            type: string
                          description: "NodeSelector is a selector which must match\
                            \ a node\u2019s labels for the pod to be scheduled on\
                            \ that node"
                          type: object
                      type: object
                    service:
                      default: {}
                      description: Service contains Redis DBaaS specific properties
                      properties:
                        redisSettings:
                          description: RedisSettings contains additional Redis settings.
                          type: string
                        version:
                          default: '7.0'
                          description: Version contains supported version of Redis.
                            Multiple versions are supported. The latest version "7.0"
                            is the default version.
                          enum:
                            - '6.2'
                            - '7.0'
                          type: string
                      type: object
                    size:
                      default: {}
                      description: Size contains settings to control the sizing of
                        a service.
                      properties:
                        cpuLimits:
                          description: CPULimits defines the limits amount of Kubernetes
                            CPUs for an instance.
                          type: string
                        cpuRequests:
                          description: CPURequests defines the requests amount of
                            Kubernetes CPUs for an instance.
                          type: string
                        disk:
                          description: Disk defines the amount of disk space for an
                            instance.
                          type: string
                        memoryLimits:
                          description: MemoryLimits defines the limits amount of memory
                            in units of bytes for an instance.
                          type: string
                        memoryRequests:
                          description: MemoryRequests defines the requests amount
                            of memory in units of bytes for an instance.
                          type: string
                        plan:
                          default: standard-1
                          description: |
                            Plan is the name of the resource plan that defines the compute resources.

                            The following plans are available:

                              plus-1 - CPU: 250m; Memory: 1Gi; Disk: 16Gi - Will be scheduled on APPUiO Cloud plus nodes

                              plus-2 - CPU: 500m; Memory: 2Gi; Disk: 16Gi - Will be scheduled on APPUiO Cloud plus nodes

                              plus-4 - CPU: 1; Memory: 4Gi; Disk: 16Gi - Will be scheduled on APPUiO Cloud plus nodes

                              plus-512m - CPU: 125m; Memory: 512Mi; Disk: 16Gi - Will be scheduled on APPUiO Cloud plus nodes

                              standard-1 - CPU: 250m; Memory: 1Gi; Disk: 16Gi

                              standard-2 - CPU: 500m; Memory: 2Gi; Disk: 16Gi

                              standard-4 - CPU: 1; Memory: 4Gi; Disk: 16Gi

                              standard-512m - CPU: 125m; Memory: 512Mi; Disk: 16Gi
                          enum:
                            - plus-1
                            - plus-2
                            - plus-4
                            - plus-512m
                            - standard-1
                            - standard-2
                            - standard-4
                            - standard-512m
                          type: string
                      type: object
                    tls:
                      default: {}
                      description: TLS contains settings to control tls traffic of
                        a service.
                      properties:
                        authClients:
                          default: true
                          description: TLSAuthClients enables client authentication
                            requirement
                          type: boolean
                        enabled:
                          default: true
                          description: TLSEnabled enables TLS traffic for the service
                          type: boolean
                      type: object
                  type: object
              type: object
            status:
              description: Status reflects the observed state of a VSHNRedis.
              properties:
                caCertificateConditions:
                  items:
                    properties:
                      lastTransitionTime:
                        description: LastTransitionTime is the last time the condition
                          transitioned from one status to another.
                        format: date-time
                        type: string
                      message:
                        description: Message is a human-readable message indicating
                          details about the transition.
                        maxLength: 32768
                        type: string
                      observedGeneration:
                        description: ObservedGeneration represents the .metadata.generation
                          that the condition was set based upon. For instance, if
                          .metadata.generation is currently 12, but the .status.conditions[x].observedGeneration
                          is 9, the condition is out of date with respect to the current
                          state of the instance.
                        format: int64
                        minimum: 0
                        type: integer
                      reason:
                        description: Reason contains a programmatic identifier indicating
                          the reason for the condition's last transition.
                        maxLength: 1024
                        pattern: ^[A-Za-z]([A-Za-z0-9_,:]*[A-Za-z0-9_])?$
                        type: string
                      status:
                        description: Status of the condition, one of True, False,
                          Unknown.
                        enum:
                          - 'True'
                          - 'False'
                          - Unknown
                        type: string
                      type:
                        description: Type of condition.
                        maxLength: 316
                        pattern: ^([a-z0-9]([-a-z0-9]*[a-z0-9])?(\.[a-z0-9]([-a-z0-9]*[a-z0-9])?)*/)?(([A-Za-z0-9][-A-Za-z0-9_.]*)?[A-Za-z0-9])$
                        type: string
                    type: object
                  type: array
                clientCertificateConditions:
                  items:
                    properties:
                      lastTransitionTime:
                        description: LastTransitionTime is the last time the condition
                          transitioned from one status to another.
                        format: date-time
                        type: string
                      message:
                        description: Message is a human-readable message indicating
                          details about the transition.
                        maxLength: 32768
                        type: string
                      observedGeneration:
                        description: ObservedGeneration represents the .metadata.generation
                          that the condition was set based upon. For instance, if
                          .metadata.generation is currently 12, but the .status.conditions[x].observedGeneration
                          is 9, the condition is out of date with respect to the current
                          state of the instance.
                        format: int64
                        minimum: 0
                        type: integer
                      reason:
                        description: Reason contains a programmatic identifier indicating
                          the reason for the condition's last transition.
                        maxLength: 1024
                        pattern: ^[A-Za-z]([A-Za-z0-9_,:]*[A-Za-z0-9_])?$
                        type: string
                      status:
                        description: Status of the condition, one of True, False,
                          Unknown.
                        enum:
                          - 'True'
                          - 'False'
                          - Unknown
                        type: string
                      type:
                        description: Type of condition.
                        maxLength: 316
                        pattern: ^([a-z0-9]([-a-z0-9]*[a-z0-9])?(\.[a-z0-9]([-a-z0-9]*[a-z0-9])?)*/)?(([A-Za-z0-9][-A-Za-z0-9_.]*)?[A-Za-z0-9])$
                        type: string
                    type: object
                  type: array
                instanceNamespace:
                  description: InstanceNamespace contains the name of the namespace
                    where the instance resides
                  type: string
                localCAConditions:
                  items:
                    properties:
                      lastTransitionTime:
                        description: LastTransitionTime is the last time the condition
                          transitioned from one status to another.
                        format: date-time
                        type: string
                      message:
                        description: Message is a human-readable message indicating
                          details about the transition.
                        maxLength: 32768
                        type: string
                      observedGeneration:
                        description: ObservedGeneration represents the .metadata.generation
                          that the condition was set based upon. For instance, if
                          .metadata.generation is currently 12, but the .status.conditions[x].observedGeneration
                          is 9, the condition is out of date with respect to the current
                          state of the instance.
                        format: int64
                        minimum: 0
                        type: integer
                      reason:
                        description: Reason contains a programmatic identifier indicating
                          the reason for the condition's last transition.
                        maxLength: 1024
                        pattern: ^[A-Za-z]([A-Za-z0-9_,:]*[A-Za-z0-9_])?$
                        type: string
                      status:
                        description: Status of the condition, one of True, False,
                          Unknown.
                        enum:
                          - 'True'
                          - 'False'
                          - Unknown
                        type: string
                      type:
                        description: Type of condition.
                        maxLength: 316
                        pattern: ^([a-z0-9]([-a-z0-9]*[a-z0-9])?(\.[a-z0-9]([-a-z0-9]*[a-z0-9])?)*/)?(([A-Za-z0-9][-A-Za-z0-9_.]*)?[A-Za-z0-9])$
                        type: string
                    type: object
                  type: array
                namespaceConditions:
                  description: RedisConditions contains the status conditions of the
                    backing object.
                  items:
                    properties:
                      lastTransitionTime:
                        description: LastTransitionTime is the last time the condition
                          transitioned from one status to another.
                        format: date-time
                        type: string
                      message:
                        description: Message is a human-readable message indicating
                          details about the transition.
                        maxLength: 32768
                        type: string
                      observedGeneration:
                        description: ObservedGeneration represents the .metadata.generation
                          that the condition was set based upon. For instance, if
                          .metadata.generation is currently 12, but the .status.conditions[x].observedGeneration
                          is 9, the condition is out of date with respect to the current
                          state of the instance.
                        format: int64
                        minimum: 0
                        type: integer
                      reason:
                        description: Reason contains a programmatic identifier indicating
                          the reason for the condition's last transition.
                        maxLength: 1024
                        pattern: ^[A-Za-z]([A-Za-z0-9_,:]*[A-Za-z0-9_])?$
                        type: string
                      status:
                        description: Status of the condition, one of True, False,
                          Unknown.
                        enum:
                          - 'True'
                          - 'False'
                          - Unknown
                        type: string
                      type:
                        description: Type of condition.
                        maxLength: 316
                        pattern: ^([a-z0-9]([-a-z0-9]*[a-z0-9])?(\.[a-z0-9]([-a-z0-9]*[a-z0-9])?)*/)?(([A-Za-z0-9][-A-Za-z0-9_.]*)?[A-Za-z0-9])$
                        type: string
                    type: object
                  type: array
                selfSignedIssuerConditions:
                  items:
                    properties:
                      lastTransitionTime:
                        description: LastTransitionTime is the last time the condition
                          transitioned from one status to another.
                        format: date-time
                        type: string
                      message:
                        description: Message is a human-readable message indicating
                          details about the transition.
                        maxLength: 32768
                        type: string
                      observedGeneration:
                        description: ObservedGeneration represents the .metadata.generation
                          that the condition was set based upon. For instance, if
                          .metadata.generation is currently 12, but the .status.conditions[x].observedGeneration
                          is 9, the condition is out of date with respect to the current
                          state of the instance.
                        format: int64
                        minimum: 0
                        type: integer
                      reason:
                        description: Reason contains a programmatic identifier indicating
                          the reason for the condition's last transition.
                        maxLength: 1024
                        pattern: ^[A-Za-z]([A-Za-z0-9_,:]*[A-Za-z0-9_])?$
                        type: string
                      status:
                        description: Status of the condition, one of True, False,
                          Unknown.
                        enum:
                          - 'True'
                          - 'False'
                          - Unknown
                        type: string
                      type:
                        description: Type of condition.
                        maxLength: 316
                        pattern: ^([a-z0-9]([-a-z0-9]*[a-z0-9])?(\.[a-z0-9]([-a-z0-9]*[a-z0-9])?)*/)?(([A-Za-z0-9][-A-Za-z0-9_.]*)?[A-Za-z0-9])$
                        type: string
                    type: object
                  type: array
                serverCertificateConditions:
                  items:
                    properties:
                      lastTransitionTime:
                        description: LastTransitionTime is the last time the condition
                          transitioned from one status to another.
                        format: date-time
                        type: string
                      message:
                        description: Message is a human-readable message indicating
                          details about the transition.
                        maxLength: 32768
                        type: string
                      observedGeneration:
                        description: ObservedGeneration represents the .metadata.generation
                          that the condition was set based upon. For instance, if
                          .metadata.generation is currently 12, but the .status.conditions[x].observedGeneration
                          is 9, the condition is out of date with respect to the current
                          state of the instance.
                        format: int64
                        minimum: 0
                        type: integer
                      reason:
                        description: Reason contains a programmatic identifier indicating
                          the reason for the condition's last transition.
                        maxLength: 1024
                        pattern: ^[A-Za-z]([A-Za-z0-9_,:]*[A-Za-z0-9_])?$
                        type: string
                      status:
                        description: Status of the condition, one of True, False,
                          Unknown.
                        enum:
                          - 'True'
                          - 'False'
                          - Unknown
                        type: string
                      type:
                        description: Type of condition.
                        maxLength: 316
                        pattern: ^([a-z0-9]([-a-z0-9]*[a-z0-9])?(\.[a-z0-9]([-a-z0-9]*[a-z0-9])?)*/)?(([A-Za-z0-9][-A-Za-z0-9_.]*)?[A-Za-z0-9])$
                        type: string
                    type: object
                  type: array
              type: object
          required:
            - spec
          type: object
      served: true
