apiVersion: v1
data:
  APPCAT_HANDLER_ENABLED: 'true'
  VSHN_POSTGRES_BACKUP_HANDLER_ENABLED: 'true'
  VSHN_REDIS_BACKUP_HANDLER_ENABLED: 'true'
kind: ConfigMap
metadata:
  labels:
    api: appcat
    apiserver: 'true'
  name: apiserver-envs
  namespace: appcat-apiserver
