apiVersion: apiextensions.crossplane.io/v1
kind: Composition
metadata:
  annotations:
    argocd.argoproj.io/sync-options: SkipDryRunOnMissingResource=true
    argocd.argoproj.io/sync-wave: '10'
    metadata.appcat.vshn.io/description: Kafka DBaaS instances by Exoscale
    metadata.appcat.vshn.io/displayname: Exoscale Kafka
    metadata.appcat.vshn.io/end-user-docs-url: https://docs.appuio.cloud/appcat/exoscale-dbaas/kafka/create.html
    metadata.appcat.vshn.io/product-description: https://products.docs.vshn.ch/products/appcat/exoscale_dbaas.html
    metadata.appcat.vshn.io/zone: 'Exoscale zones: de-fra-1, de-muc-1, at-vie-1, ch-gva-2,
      ch-dk-2, bg-sof-1'
  labels:
    metadata.appcat.vshn.io/offered: 'true'
    metadata.appcat.vshn.io/serviceID: exoscale-kafka
    name: exoscalekafka.exoscale.appcat.vshn.io
  name: exoscalekafka.exoscale.appcat.vshn.io
spec:
  compositeTypeRef:
    apiVersion: exoscale.appcat.vshn.io/v1
    kind: XExoscaleKafka
  resources:
    - base:
        apiVersion: exoscale.crossplane.io/v1
        kind: Kafka
        metadata: {}
        spec:
          forProvider:
            ipFilter: ''
            kafkaSettings: {}
            maintenance:
              dayOfWeek: ''
              timeOfDay: ''
            size:
              plan: ''
            terminationProtection: false
            version: ''
            zone: ''
          providerConfigRef:
            name: exoscale
          writeConnectionSecretToRef:
            name: ''
            namespace: syn-provider-exoscale-secrets
      connectionDetails:
        - fromConnectionSecretKey: KAFKA_URI
          name: KAFKA_URI
          type: FromConnectionSecretKey
        - fromConnectionSecretKey: KAFKA_HOST
          name: KAFKA_HOST
          type: FromConnectionSecretKey
        - fromConnectionSecretKey: KAFKA_PORT
          name: KAFKA_PORT
          type: FromConnectionSecretKey
        - fromConnectionSecretKey: KAFKA_NODES
          name: KAFKA_NODES
          type: FromConnectionSecretKey
        - fromConnectionSecretKey: service.cert
          name: service.cert
          type: FromConnectionSecretKey
        - fromConnectionSecretKey: service.key
          name: service.key
          type: FromConnectionSecretKey
        - fromConnectionSecretKey: ca.crt
          name: ca.crt
          type: FromConnectionSecretKey
      patches:
        - fromFieldPath: metadata.labels[crossplane.io/composite]
          toFieldPath: metadata.name
          type: FromCompositeFieldPath
        - fromFieldPath: metadata.labels[crossplane.io/composite]
          toFieldPath: spec.writeConnectionSecretToRef.name
          type: FromCompositeFieldPath
        - fromFieldPath: spec.parameters.service.kafkaSettings
          toFieldPath: spec.forProvider.kafkaSettings
          type: FromCompositeFieldPath
        - fromFieldPath: spec.parameters.service.zone
          toFieldPath: spec.forProvider.zone
          type: FromCompositeFieldPath
        - fromFieldPath: spec.parameters.network.ipFilter
          toFieldPath: spec.forProvider.ipFilter
          type: FromCompositeFieldPath
        - fromFieldPath: spec.parameters.size.plan
          toFieldPath: spec.forProvider.size.plan
          type: FromCompositeFieldPath
        - fromFieldPath: spec.parameters.maintenance.dayOfWeek
          toFieldPath: spec.forProvider.maintenance.dayOfWeek
          type: FromCompositeFieldPath
        - fromFieldPath: spec.parameters.maintenance.timeOfDay
          toFieldPath: spec.forProvider.maintenance.timeOfDay
          type: FromCompositeFieldPath
        - fromFieldPath: spec.parameters.service.version
          toFieldPath: spec.forProvider.version
          type: FromCompositeFieldPath
        - fromFieldPath: status.atProvider.version
          toFieldPath: status.version
          type: ToCompositeFieldPath
  writeConnectionSecretsToNamespace: syn-crossplane
