apiVersion: apiextensions.crossplane.io/v1
kind: Composition
metadata:
  annotations:
    argocd.argoproj.io/sync-options: SkipDryRunOnMissingResource=true
    argocd.argoproj.io/sync-wave: '10'
    metadata.appcat.vshn.io/description: OpenSearch DBaaS instances by Exoscale
    metadata.appcat.vshn.io/displayname: Exoscale OpenSearch
    metadata.appcat.vshn.io/end-user-docs-url: https://docs.appuio.cloud/appcat/exoscale-dbaas/opensearch/create.html
    metadata.appcat.vshn.io/product-description: https://products.docs.vshn.ch/products/appcat/exoscale_dbaas.html
    metadata.appcat.vshn.io/zone: 'Exoscale zones: de-fra-1, de-muc-1, at-vie-1, ch-gva-2,
      ch-dk-2, bg-sof-1'
  labels:
    metadata.appcat.vshn.io/offered: 'true'
    metadata.appcat.vshn.io/serviceID: exoscale-opensearch
    name: exoscaleopensearch.exoscale.appcat.vshn.io
  name: exoscaleopensearch.exoscale.appcat.vshn.io
spec:
  compositeTypeRef:
    apiVersion: exoscale.appcat.vshn.io/v1
    kind: XExoscaleOpenSearch
  resources:
    - base:
        apiVersion: exoscale.crossplane.io/v1
        kind: OpenSearch
        metadata: {}
        spec:
          forProvider:
            backup:
              timeOfDay: ''
            ipFilter: ''
            maintenance:
              dayOfWeek: ''
              timeOfDay: ''
            opensearchSettings: {}
            size:
              plan: ''
            terminationProtection: false
            version: ''
            zone: ''
          providerConfigRef:
            name: exoscale
          writeConnectionSecretToRef:
            name: ''
            namespace: syn-provider-exoscale-secrets
      connectionDetails:
        - fromConnectionSecretKey: OPENSEARCH_USER
          name: OPENSEARCH_USER
          type: FromConnectionSecretKey
        - fromConnectionSecretKey: OPENSEARCH_PASSWORD
          name: OPENSEARCH_PASSWORD
          type: FromConnectionSecretKey
        - fromConnectionSecretKey: OPENSEARCH_DASHBOARD_URI
          name: OPENSEARCH_DASHBOARD_URI
          type: FromConnectionSecretKey
        - fromConnectionSecretKey: OPENSEARCH_URI
          name: OPENSEARCH_URI
          type: FromConnectionSecretKey
        - fromConnectionSecretKey: OPENSEARCH_HOST
          name: OPENSEARCH_HOST
          type: FromConnectionSecretKey
        - fromConnectionSecretKey: OPENSEARCH_PORT
          name: OPENSEARCH_PORT
          type: FromConnectionSecretKey
      patches:
        - fromFieldPath: metadata.labels[crossplane.io/composite]
          toFieldPath: metadata.name
          type: FromCompositeFieldPath
        - fromFieldPath: metadata.labels[crossplane.io/composite]
          toFieldPath: spec.writeConnectionSecretToRef.name
          type: FromCompositeFieldPath
        - fromFieldPath: spec.parameters.service.majorVersion
          toFieldPath: spec.forProvider.majorVersion
          type: FromCompositeFieldPath
        - fromFieldPath: spec.parameters.service.opensearchSettings
          toFieldPath: spec.forProvider.openSearchSettings
          type: FromCompositeFieldPath
        - fromFieldPath: spec.parameters.service.zone
          toFieldPath: spec.forProvider.zone
          type: FromCompositeFieldPath
        - fromFieldPath: spec.parameters.network.ipFilter
          toFieldPath: spec.forProvider.ipFilter
          type: FromCompositeFieldPath
        - fromFieldPath: spec.parameters.size.plan
          toFieldPath: spec.forProvider.size.plan
          type: FromCompositeFieldPath
        - fromFieldPath: spec.parameters.maintenance.dayOfWeek
          toFieldPath: spec.forProvider.maintenance.dayOfWeek
          type: FromCompositeFieldPath
        - fromFieldPath: spec.parameters.maintenance.timeOfDay
          toFieldPath: spec.forProvider.maintenance.timeOfDay
          type: FromCompositeFieldPath
        - fromFieldPath: spec.parameters.backup.timeOfDay
          toFieldPath: spec.forProvider.backup.timeOfDay
          type: FromCompositeFieldPath
  writeConnectionSecretsToNamespace: syn-crossplane
